Loading tilelang libs from dev root: /data/metax-race/tilelang-metax/build
CANDIDATE block_token=128 block_dhidden=128 block_dexpert=128 threads=256 num_stages=1 num_stages_down=1 swizzle=row4 swizzle_down=row16 gemm_policy=full_row gemm_policy_down=full_row single_weight_buffer=True min_blocks_per_sm=None

=== functional ===
2026-07-11 15:14:53  [TileLang:tilelang.jit.kernel:INFO] (kernel.py:133): TileLang begins to compile kernel `kernel` with `out_idx=None`
2026-07-11 15:14:57  [TileLang:tilelang:WARNING] (phase.py:274): Should support PDL for maca target
2026-07-11 15:15:00  [TileLang:tilelang.jit.kernel:INFO] (kernel.py:141): TileLang completes to compile kernel `kernel`
✅ Functional test passed for config: {'dhidden': 7168, 'dexpert': 2048, 'nroutedexperts': 8, 'nexpertspertoken': 4, 'bs': 1, 'seqlen': 8192, 'seed': 81394}
2026-07-11 15:15:02  [TileLang:tilelang.jit.kernel:INFO] (kernel.py:133): TileLang begins to compile kernel `kernel` with `out_idx=None`
2026-07-11 15:15:05  [TileLang:tilelang:WARNING] (phase.py:274): Should support PDL for maca target
2026-07-11 15:15:08  [TileLang:tilelang.jit.kernel:INFO] (kernel.py:141): TileLang completes to compile kernel `kernel`
✅ Functional test passed for config: {'dhidden': 3584, 'dexpert': 1024, 'nroutedexperts': 4, 'nexpertspertoken': 2, 'bs': 2, 'seqlen': 4096, 'seed': 81394}

=== performance ===
2026-07-11 15:15:09  [TileLang:tilelang.jit.kernel:INFO] (kernel.py:133): TileLang begins to compile kernel `kernel` with `out_idx=None`
2026-07-11 15:15:12  [TileLang:tilelang:WARNING] (phase.py:274): Should support PDL for maca target
2026-07-11 15:15:16  [TileLang:tilelang.jit.kernel:INFO] (kernel.py:141): TileLang completes to compile kernel `kernel`
⏱ Performance test: 243.15136719ms for config: {'dhidden': 7168, 'dexpert': 2048, 'nroutedexperts': 8, 'nexpertspertoken': 4, 'bs': 4, 'seqlen': 8192, 'seed': 81394}
2026-07-11 15:15:44  [TileLang:tilelang.jit.kernel:INFO] (kernel.py:133): TileLang begins to compile kernel `kernel` with `out_idx=None`
2026-07-11 15:15:47  [TileLang:tilelang:WARNING] (phase.py:274): Should support PDL for maca target
2026-07-11 15:15:50  [TileLang:tilelang.jit.kernel:INFO] (kernel.py:141): TileLang completes to compile kernel `kernel`
⏱ Performance test: 38.61110352ms for config: {'dhidden': 3584, 'dexpert': 1024, 'nroutedexperts': 4, 'nexpertspertoken': 2, 'bs': 8, 'seqlen': 4096, 'seed': 81394}
