Loading tilelang libs from dev root: /data/metax-race/tilelang-metax/build
CANDIDATE block_token=128 block_dhidden=128 block_dexpert=128 threads=128 num_stages=1

=== functional ===
2026-07-11 09:58:44  [TileLang:tilelang.jit.kernel:INFO] (kernel.py:133): TileLang begins to compile kernel `kernel` with `out_idx=None`
2026-07-11 09:58:49  [TileLang:tilelang:WARNING] (phase.py:274): Should support PDL for maca target
2026-07-11 09:58:53  [TileLang:tilelang.jit.kernel:INFO] (kernel.py:141): TileLang completes to compile kernel `kernel`
✅ Functional test passed for config: {'dhidden': 7168, 'dexpert': 2048, 'nroutedexperts': 8, 'nexpertspertoken': 4, 'bs': 1, 'seqlen': 8192, 'seed': 81394}
2026-07-11 09:58:56  [TileLang:tilelang.jit.kernel:INFO] (kernel.py:133): TileLang begins to compile kernel `kernel` with `out_idx=None`
2026-07-11 09:59:00  [TileLang:tilelang:WARNING] (phase.py:274): Should support PDL for maca target
2026-07-11 09:59:04  [TileLang:tilelang.jit.kernel:INFO] (kernel.py:141): TileLang completes to compile kernel `kernel`
✅ Functional test passed for config: {'dhidden': 3584, 'dexpert': 1024, 'nroutedexperts': 4, 'nexpertspertoken': 2, 'bs': 2, 'seqlen': 4096, 'seed': 81394}

=== performance ===
2026-07-11 09:59:06  [TileLang:tilelang.jit.kernel:INFO] (kernel.py:133): TileLang begins to compile kernel `kernel` with `out_idx=None`
2026-07-11 09:59:11  [TileLang:tilelang:WARNING] (phase.py:274): Should support PDL for maca target
2026-07-11 09:59:15  [TileLang:tilelang.jit.kernel:INFO] (kernel.py:141): TileLang completes to compile kernel `kernel`
⏱ Performance test: 792.79367187ms for config: {'dhidden': 7168, 'dexpert': 2048, 'nroutedexperts': 8, 'nexpertspertoken': 4, 'bs': 4, 'seqlen': 8192, 'seed': 81394}
2026-07-11 10:00:44  [TileLang:tilelang.jit.kernel:INFO] (kernel.py:133): TileLang begins to compile kernel `kernel` with `out_idx=None`
2026-07-11 10:00:48  [TileLang:tilelang:WARNING] (phase.py:274): Should support PDL for maca target
2026-07-11 10:00:53  [TileLang:tilelang.jit.kernel:INFO] (kernel.py:141): TileLang completes to compile kernel `kernel`
⏱ Performance test: 105.12538086ms for config: {'dhidden': 3584, 'dexpert': 1024, 'nroutedexperts': 4, 'nexpertspertoken': 2, 'bs': 8, 'seqlen': 4096, 'seed': 81394}
