Loading tilelang libs from dev root: /data/metax-race/tilelang-metax/build
Python: 3.12.11
MACA: /opt/maca (3.7.1.5)
Torch: {'version': '2.8.0+metax3.7.1.3', 'path': '/data/metax-race/.conda/lib/python3.12/site-packages/torch/__init__.py', 'vendor_pytorch': True, 'cuda_available': True, 'device_count': 1, 'device_0': 'MetaX C500'}
Build artifacts: {'tilelang': ['build/lib/libtilelang.so'], 'tvm': ['build/lib/libtvm.so', 'build/lib/libtvm_ffi.so']}
TVM FFI: {'path': '/data/metax-race/tilelang-metax/3rdparty/tvm/3rdparty/tvm-ffi/python/tvm_ffi/__init__.py', 'source_locked': True}
TileLang: {'version': '0.1.9+maca.gitee6db437'}
Target('maca'): {'command': "/data/metax-race/.conda/bin/python -c import tilelang; from tvm.target import Target; print(Target('maca'))", 'returncode': 0, 'output': 'Loading tilelang libs from dev root: /data/metax-race/tilelang-metax/build\nmaca -keys=maca,gpu -max_local_memory_per_block=4095 -max_num_threads=1024 -max_shared_memory_per_block=65536 -max_threads_per_block=1024 -mcpu=xcore1000 -mtriple=mxc-metax-macahca -thread_warp_size=64'}
Devices: /dev/mxcd=True, /dev/dri=True
Software ready: True
GPU ready: True
WARNING: installed MACA differs from the competition's stated 3.7.2.1 image.
Loading tilelang libs from dev root: /data/metax-race/tilelang-metax/build
no tilelang cache found

=== Running functional tests ===
✅ Functional test passed for config: {'dhidden': 7168, 'dexpert': 2048, 'nroutedexperts': 8, 'nexpertspertoken': 4, 'bs': 1, 'seqlen': 8192, 'seed': 81394}
✅ Functional test passed for config: {'dhidden': 3584, 'dexpert': 1024, 'nroutedexperts': 4, 'nexpertspertoken': 2, 'bs': 2, 'seqlen': 4096, 'seed': 81394}

=== Running performance tests ===
⏱ Performance test: 243.47679687ms for config: {'dhidden': 7168, 'dexpert': 2048, 'nroutedexperts': 8, 'nexpertspertoken': 4, 'bs': 4, 'seqlen': 8192, 'seed': 81394}
⏱ Performance test: 38.60929443ms for config: {'dhidden': 3584, 'dexpert': 1024, 'nroutedexperts': 4, 'nexpertspertoken': 2, 'bs': 8, 'seqlen': 4096, 'seed': 81394}
